// Jest Snapshot v1, https://goo.gl/fbAQLP

exports[`EventMap basic renders 1`] = `
<div>
  <NavigationButton
    id="homeNavigationButton"
    key="0"
    label="916 born-n-raised"
    onClick={[Function]}
  />
  <NavigationButton
    id="almaMaterNavigationButton"
    key="1"
    label="earned a BS degree"
    onClick={[Function]}
  />
  <NavigationButton
    id="pastExpNavigationButton"
    key="2"
    label="built web apps"
    onClick={[Function]}
  />
  <NavigationButton
    id="travelNavigationButton"
    key="3"
    label="explored cultures"
    onClick={[Function]}
  />
  <NavigationButton
    id="recentExpNavigationButton"
    key="4"
    label="built apps and APIs"
    onClick={[Function]}
  />
  <div
    id="map"
  />
</div>
`;
