// Jest Snapshot v1, https://goo.gl/fbAQLP

exports[`SEO basic renders 1`] = `
<HelmetWrapper
  defer={true}
  encodeSpecialCharacters={true}
  title="map-play"
>
  <meta
    content="Liz Shigetoshi"
    name="author"
  />
  <meta
    content="Map adventures"
    name="description"
  />
  <meta
    content="template,react,babel,webpack"
    name="keywords"
  />
  <meta
    content="https://lizshigetoshi.com/map-play/"
    property="og:url"
  />
  <meta
    content="map-play"
    property="og:title"
  />
  <meta
    content="Map adventures"
    property="og:description"
  />
  <meta
    content="summary_large_image"
    name="twitter:card"
  />
  <meta
    content="@LizShigetoshi"
    name="twitter:creator"
  />
  <meta
    content="map-play"
    name="twitter:title"
  />
  <meta
    content="Map adventures"
    name="twitter:description"
  />
</HelmetWrapper>
`;
